#id	gap_start	gap_end	left_bases	right_bases
a	6	6	GTC	GTC
a	10	12	GTC	GT
